2026-07-24 14:37:09,224 - path=/customer/test method=GET status=200
2026-07-24 14:37:45,820 - path=/docs method=GET status=200
2026-07-24 14:37:46,478 - path=/openapi.json method=GET status=200
2026-07-24 14:38:11,722 - path=/customer/test method=GET status=200
2026-07-24 14:38:30,224 - path=/customer/test method=GET status=200
2026-07-24 14:40:22,871 - path=/docs method=GET status=200
2026-07-24 14:40:23,616 - path=/openapi.json method=GET status=200
2026-07-24 14:40:35,299 - path=/customer/test method=GET status=401
2026-07-24 14:40:47,103 - path=/customer/test method=GET status=200
2026-07-24 15:15:26,412 - path=/ method=GET status=404
2026-07-24 15:15:36,971 - path=/customer/22 method=GET status=401
2026-07-24 15:16:45,299 - path=/customer/Aniruddh method=GET status=401
2026-07-24 15:16:52,304 - path=/customer/Aniruddh/20 method=GET status=404
2026-07-24 15:17:02,916 - path=/docs method=GET status=200
2026-07-24 15:17:03,623 - path=/openapi.json method=GET status=200
2026-07-24 15:17:18,634 - path=/customer/20 method=GET status=404
2026-07-24 15:21:49,477 - path=/customer/2 method=GET status=404
2026-07-24 15:23:59,509 - path=/docs method=GET status=200
2026-07-24 15:23:59,747 - path=/openapi.json method=GET status=200
2026-07-24 15:24:25,195 - path=/customer/20 method=GET status=404
2026-07-24 15:26:50,657 - path=/docs method=GET status=200
2026-07-24 15:26:50,888 - path=/openapi.json method=GET status=200
2026-07-24 15:28:16,479 - path=/docs method=GET status=200
2026-07-24 15:28:16,661 - path=/openapi.json method=GET status=200
2026-07-24 15:31:28,895 - path=/docs method=GET status=200
2026-07-24 15:31:29,090 - path=/openapi.json method=GET status=200
2026-07-24 15:32:13,254 - path=/ method=GET status=404
2026-07-24 15:32:27,639 - path=/customer method=GET status=307
2026-07-24 15:32:27,657 - path=/customer/ method=GET status=405
2026-07-24 15:32:41,167 - path=/docs method=GET status=200
2026-07-24 15:32:41,423 - path=/openapi.json method=GET status=200
2026-07-24 15:32:49,764 - path=/customer/test method=GET status=200
2026-07-24 15:35:45,013 - path=/docs method=GET status=200
2026-07-24 15:35:45,267 - path=/openapi.json method=GET status=200
2026-07-24 15:35:56,271 - path=/customer/test method=GET status=200
2026-07-24 15:38:38,303 - path=/customer/churn/summary method=GET status=401
2026-07-24 15:39:47,476 - path=/docs method=GET status=200
2026-07-24 15:39:47,717 - path=/openapi.json method=GET status=200
2026-07-24 15:41:02,321 - path=/docs method=GET status=200
2026-07-24 15:41:02,543 - path=/openapi.json method=GET status=200
2026-07-24 15:41:53,037 - path=/customer/test method=GET status=401
2026-07-24 15:59:02,462 - path=/docs method=GET status=200
2026-07-24 15:59:02,463 - path=/ method=GET status=404
2026-07-24 15:59:02,463 - path=/ method=GET status=404
2026-07-24 15:59:02,464 - path=/docs method=GET status=200
2026-07-24 15:59:02,464 - path=/docs method=GET status=200
2026-07-24 15:59:02,464 - path=/ method=GET status=404
2026-07-24 15:59:02,465 - path=/docs method=GET status=200
2026-07-24 15:59:02,465 - path=/docs method=GET status=200
2026-07-24 15:59:02,465 - path=/ method=GET status=404
2026-07-24 15:59:02,465 - path=/docs method=GET status=200
2026-07-24 15:59:02,468 - path=/ method=GET status=404
2026-07-24 15:59:02,468 - path=/ method=GET status=404
2026-07-24 15:59:02,468 - path=/docs method=GET status=200
2026-07-24 15:59:02,468 - path=/customer/test method=GET status=401
2026-07-24 15:59:02,468 - path=/docs method=GET status=200
2026-07-24 15:59:02,468 - path=/ method=GET status=404
2026-07-24 15:59:02,469 - path=/docs method=GET status=200
2026-07-24 15:59:02,469 - path=/docs method=GET status=200
2026-07-24 15:59:02,470 - path=/docs method=GET status=200
2026-07-24 15:59:02,470 - path=/docs method=GET status=200
2026-07-24 15:59:02,470 - path=/docs method=GET status=200
2026-07-24 15:59:02,471 - path=/ method=GET status=404
2026-07-24 15:59:02,471 - path=/docs method=GET status=200
2026-07-24 15:59:02,662 - path=/openapi.json method=GET status=200
2026-07-24 16:21:20,496 - path=/ method=GET status=404
2026-07-24 16:21:20,500 - path=/docs method=GET status=200
2026-07-24 16:21:20,657 - path=/favicon.ico method=GET status=404
2026-07-24 16:24:39,279 - path=/ method=GET status=404
2026-07-24 16:24:51,166 - path=/docs method=GET status=200
2026-07-24 16:24:51,376 - path=/openapi.json method=GET status=200
2026-07-24 16:27:04,982 - path=/docs method=GET status=200
2026-07-24 16:27:05,131 - path=/openapi.json method=GET status=200
2026-07-24 16:28:38,643 - path=/docs method=GET status=200
2026-07-24 16:28:39,111 - path=/openapi.json method=GET status=200
2026-07-24 16:28:53,037 - path=/customer/test method=GET status=200
2026-07-24 16:33:12,996 - path=/docs method=GET status=200
2026-07-24 16:33:13,208 - path=/openapi.json method=GET status=200
2026-07-24 16:33:24,152 - path=/customer/20 method=GET status=200
2026-07-24 16:34:57,484 - path=/docs method=GET status=200
2026-07-24 16:34:57,679 - path=/openapi.json method=GET status=200
2026-07-24 16:35:04,937 - path=/customer/churn/summary method=GET status=200
2026-07-24 16:38:06,256 - path=/docs method=GET status=200
2026-07-24 16:38:06,453 - path=/openapi.json method=GET status=200
2026-07-24 16:40:33,655 - path=/docs method=GET status=200
2026-07-24 16:40:33,862 - path=/openapi.json method=GET status=200
2026-07-24 16:41:05,229 - path=/customer/ method=POST status=200
2026-07-24 16:58:52,845 - path=/docs method=GET status=200
2026-07-24 16:58:53,345 - path=/openapi.json method=GET status=200
2026-07-24 16:59:32,264 - path=/customer/22 method=PUT status=200
2026-07-24 17:01:57,076 - path=/docs method=GET status=200
2026-07-24 17:01:57,345 - path=/openapi.json method=GET status=200
2026-07-24 17:02:10,193 - path=/customer/22 method=DELETE status=200
2026-07-31 10:08:38,880 - path=/ method=GET status=404
2026-07-31 10:09:06,841 - path=/ method=GET status=404
2026-07-31 10:09:19,463 - path=/docs method=GET status=200
2026-07-31 10:09:20,265 - path=/openapi.json method=GET status=200
2026-07-31 10:09:31,839 - path=/customer/test method=GET status=200
2026-07-31 10:10:02,383 - path=/customer/churn/summary method=GET status=200
2026-07-31 10:12:18,376 - path=/docs method=GET status=200
2026-07-31 10:12:19,170 - path=/openapi.json method=GET status=200
2026-07-31 10:17:50,858 - path=/docs method=GET status=200
2026-07-31 10:17:51,074 - path=/openapi.json method=GET status=200
2026-07-31 10:18:23,019 - path=/customer/Create_customer/ method=POST status=500
2026-07-31 10:24:35,516 - path=/docs method=GET status=200
2026-07-31 10:24:35,742 - path=/openapi.json method=GET status=200
2026-07-31 10:25:05,137 - path=/customer/Create_customer/ method=POST status=200
2026-07-31 10:25:13,773 - path=/customer/Create_customer/ method=POST status=200
2026-07-31 10:26:22,449 - path=/customer/1233 method=GET status=200
2026-07-31 10:49:16,398 - path=/docs method=GET status=200
2026-07-31 10:49:16,636 - path=/openapi.json method=GET status=200
2026-07-31 10:51:13,588 - path=/customer/1233 method=PATCH status=422
2026-07-31 10:51:18,713 - path=/customer/1233 method=PATCH status=422
2026-07-31 10:53:21,523 - path=/docs method=GET status=200
2026-07-31 10:53:21,768 - path=/openapi.json method=GET status=200
2026-07-31 10:57:13,610 - path=/docs method=GET status=200
2026-07-31 10:57:13,852 - path=/openapi.json method=GET status=200
2026-07-31 10:57:35,940 - path=/customer/1233 method=PATCH status=200
2026-07-31 10:57:53,048 - path=/customer/1236 method=PATCH status=200
2026-07-31 16:16:18,949 - path=/ method=GET status=404
2026-07-31 16:16:26,317 - path=/docs method=GET status=200
2026-07-31 16:16:26,634 - path=/openapi.json method=GET status=200
2026-07-31 16:19:42,628 - path=/customer/1222 method=GET status=200
2026-07-31 16:21:32,846 - path=/customer/churn/summary method=GET status=200
2026-07-31 16:22:39,156 - path=/customer/churn/summary method=GET status=401
2026-08-07 12:00:58,808 - path=/ method=GET status=404
2026-08-07 12:01:03,279 - path=/docs method=GET status=200
2026-08-07 12:01:04,060 - path=/openapi.json method=GET status=200
2026-08-07 12:03:26,013 - path=/docs method=GET status=200
2026-08-07 12:03:26,309 - path=/openapi.json method=GET status=200
2026-08-07 12:05:36,250 - path=/docs method=GET status=200
2026-08-07 12:05:36,499 - path=/openapi.json method=GET status=200
2026-08-07 12:05:43,456 - path=/customer/customers/high-risk method=GET status=200
2026-08-07 12:23:34,918 - path=/docs method=GET status=200
2026-08-07 12:23:35,593 - path=/openapi.json method=GET status=200
2026-08-07 12:29:01,183 - path=/docs method=GET status=200
2026-08-07 12:29:01,568 - path=/openapi.json method=GET status=200
2026-08-07 12:30:12,023 - path=/docs method=GET status=200
2026-08-07 12:30:12,290 - path=/openapi.json method=GET status=200
2026-08-07 12:32:30,020 - path=/docs method=GET status=200
2026-08-07 12:32:30,305 - path=/openapi.json method=GET status=200
2026-08-07 12:32:38,556 - path=/customer/customer/5/features method=GET status=200
2026-08-07 13:53:47,626 - path=/docs method=GET status=200
2026-08-07 13:53:48,334 - path=/openapi.json method=GET status=200
2026-08-07 13:54:42,612 - path=/customer/predict_churn method=POST status=200
